[2025-11-14 23:41:09] [INFO ] TextReaderImpl - file readed
[2025-11-14 23:41:09] [INFO ] Main - 5
[2025-11-14 23:41:09] [INFO ] Main - [Bye., It has survived not only five centuries, but also the leap into electronic typesetting, remaining essentially unchanged., It is a established fact that a reader will be of a page when looking at its layout., It is a long established fact that a reader will be distracted by the readable content of a page when looking at its layout., The point of using Ipsum is that it has a more-or-less normal distribution of letters, as opposed to using 'Content here, content here', making it look like readable English., It was popularised in the with the release of Letraset sheets containing Lorem Ipsum passages, and more recently with desktop publishing software like Aldus PageMaker including versions of Lorem Ipsum.]
[2025-11-14 23:41:09] [INFO ] Main - 	It has survived not only five centuries, but also the leap into electronic typesetting, remaining essentially unchanged.
	It was popularised in the with the release of Letraset sheets containing Lorem Ipsum passages, and more recently with desktop publishing software like Aldus PageMaker including versions of Lorem Ipsum.
	It is a long established fact that a reader will be distracted by the readable content of a page when looking at its layout.
	The point of using Ipsum is that it has a more-or-less normal distribution of letters, as opposed to using 'Content here, content here', making it look like readable English.
	It is a established fact that a reader will be of a page when looking at its layout.
	Bye.
[2025-11-14 23:41:09] [INFO ] Main - 	unchanged. has survived not only five centuries, but also the leap into electronic typesetting, remaining essentially It
	Ipsum. was popularised in the with the release of Letraset sheets containing Lorem Ipsum passages, and more recently with desktop publishing software like Aldus PageMaker including versions of Lorem It
	layout. is a long established fact that a reader will be distracted by the readable content of a page when looking at its It
	English. point of using Ipsum is that it has a more-or-less normal distribution of letters, as opposed to using 'Content here, content here', making it look like readable The
	layout. is a established fact that a reader will be of a page when looking at its It
	Bye.
[2025-11-14 23:43:42] [INFO ] TextReaderImpl - file readed
[2025-11-14 23:43:42] [INFO ] Main - 5
[2025-11-14 23:43:42] [INFO ] Main - [Bye., It has survived not only five centuries, but also the leap into electronic typesetting, remaining essentially unchanged., It is a established fact that a reader will be of a page when looking at its layout., It is a long established fact that a reader will be distracted by the readable content of a page when looking at its layout., The point of using Ipsum is that it has a more-or-less normal distribution of letters, as opposed to using 'Content here, content here', making it look like readable English., It was popularised in the with the release of Letraset sheets containing Lorem Ipsum passages, and more recently with desktop publishing software like Aldus PageMaker including versions of Lorem Ipsum.]
[2025-11-14 23:43:42] [INFO ] Main - 	It has survived not only five centuries, but also the leap into electronic typesetting, remaining essentially unchanged.
	It was popularised in the with the release of Letraset sheets containing Lorem Ipsum passages, and more recently with desktop publishing software like Aldus PageMaker including versions of Lorem Ipsum.
	It is a long established fact that a reader will be distracted by the readable content of a page when looking at its layout.
	The point of using Ipsum is that it has a more-or-less normal distribution of letters, as opposed to using 'Content here, content here', making it look like readable English.
	It is a established fact that a reader will be of a page when looking at its layout.
	Bye.
[2025-11-14 23:43:42] [INFO ] Main - 	unchanged. has survived not only five centuries, but also the leap into electronic typesetting, remaining essentially It
	Ipsum. was popularised in the with the release of Letraset sheets containing Lorem Ipsum passages, and more recently with desktop publishing software like Aldus PageMaker including versions of Lorem It
	layout. is a long established fact that a reader will be distracted by the readable content of a page when looking at its It
	English. point of using Ipsum is that it has a more-or-less normal distribution of letters, as opposed to using 'Content here, content here', making it look like readable The
	layout. is a established fact that a reader will be of a page when looking at its It
	Bye.
